// Jest Snapshot v1, https://goo.gl/fbAQLP

exports[`File fragment injection should 1`] = `
"<!doctype html>
<html lang="en">
  <head>
    <script>
      console.log("Hello from fragmentFile1.js");

    </script>
    <meta charset="UTF-8" />
    <meta name="viewport" content="width=device-width, initial-scale=1.0" />
    <title>Document</title>
  </head>
  <body>
    <div>This is some content from fragmentFile2.html</div>

  </body>
</html>
"
`;
